[zwin.io/html/stooon/index-5.html]
[backblue.gif]
[fade.gif]
[index.html]
[zwin.io/html/stooon/assets/img/favicon.png]
[zwin.io/html/stooon/assets/css/vendor.css]
[zwin.io/html/stooon/assets/css/style.css]
[zwin.io/html/stooon/assets/css/responsive.css]
[zwin.io/html/stooon/assets/img/logo.png]
[zwin.io/html/stooon/index.html]
[zwin.io/html/stooon/assets/img/logo-white.png]
[zwin.io/html/stooon/index-2.html]
[zwin.io/html/stooon/index-3.html]
[zwin.io/html/stooon/index-4.html]
[zwin.io/html/stooon/collection.html]
[zwin.io/html/stooon/collection-list.html]
[zwin.io/html/stooon/collection-full.html]
[zwin.io/html/stooon/blog.html]
[zwin.io/html/stooon/blog-details.html]
[zwin.io/html/stooon/single-product.html]
[zwin.io/html/stooon/shoping-cart.html]
[zwin.io/html/stooon/faq.html]
[zwin.io/html/stooon/error.html]
[zwin.io/html/stooon/coming-soon.html]
[zwin.io/html/stooon/about.html]
[zwin.io/html/stooon/contact.html]
[zwin.io/html/stooon/assets/img/shop/c1.png]
[zwin.io/html/stooon/assets/img/shop/c2.png]
[zwin.io/html/stooon/assets/img/shop/c3.png]
[zwin.io/html/stooon/assets/img/shop/c4.png]
[zwin.io/html/stooon/assets/img/banner/5.png]
[zwin.io/html/stooon/assets/img/banner/55.png]
[zwin.io/html/stooon/assets/img/collection/11.png]
[zwin.io/html/stooon/assets/img/collection/12.png]
[zwin.io/html/stooon/assets/img/arrival/7.png]
[zwin.io/html/stooon/assets/img/arrival/8.png]
[zwin.io/html/stooon/assets/img/arrival/9.png]
[zwin.io/html/stooon/assets/img/arrival/10.png]
[zwin.io/html/stooon/assets/img/arrival/11.png]
[zwin.io/html/stooon/assets/img/arrival/12.png]
[zwin.io/html/stooon/assets/img/others/video3.png]
[zwin.io/html/stooon/assets/img/blog/13.png]
[zwin.io/html/stooon/assets/img/blog/14.png]
[zwin.io/html/stooon/assets/img/blog/15.png]
[zwin.io/html/stooon/assets/img/instagram/1.png]
[zwin.io/html/stooon/assets/img/instagram/2.png]
[zwin.io/html/stooon/assets/img/instagram/3.png]
[zwin.io/html/stooon/assets/img/instagram/4.png]
[zwin.io/html/stooon/assets/img/instagram/5.png]
[zwin.io/html/stooon/assets/img/instagram/6.png]
[zwin.io/html/stooon/assets/img/payment/1.png]
[zwin.io/html/stooon/assets/img/payment/2.png]
[zwin.io/html/stooon/assets/img/payment/3.png]
[zwin.io/html/stooon/assets/img/payment/4.png]
[zwin.io/html/stooon/assets/img/payment/5.png]
[zwin.io/html/stooon/assets/img/payment/6.png]
[zwin.io/html/stooon/assets/js/vendor.js]
[zwin.io/html/stooon/assets/js/main.js]
[zwin.io/html/stooon/index-5.html]
[zwin.io/html/stooon/assets/img/ajax-loader.gif]
[zwin.io/html/stooon/assets/fonts/slick.eot]
[zwin.io/html/stooon/assets/fonts/slickd41d.html]
[zwin.io/html/stooon/assets/fonts/slick.svg]
[zwin.io/html/stooon/assets/css/owl.video.play.html]
[zwin.io/html/stooon/assets/fonts/fontawesome-webfont3e6e.eot]
[zwin.io/html/stooon/assets/fonts/fontawesome-webfontd41d.eot]
[zwin.io/html/stooon/assets/fonts/fontawesome-webfont3e6e.woff2]
[zwin.io/html/stooon/assets/fonts/fontawesome-webfont3e6e.woff]
[zwin.io/html/stooon/assets/fonts/fontawesome-webfont3e6e.ttf]
[zwin.io/html/stooon/assets/fonts/fontawesome-webfont3e6e.svg]
[zwin.io/html/stooon/assets/css/images/ui-bg_inset-hard_100_fcfdfd_1x100.html]
[zwin.io/html/stooon/assets/css/images/ui-bg_gloss-wave_55_5c9ccc_500x100.html]
[zwin.io/html/stooon/assets/css/images/ui-bg_glass_85_dfeffc_1x400.html]
[zwin.io/html/stooon/assets/css/images/ui-bg_glass_75_d0e5f5_1x400.html]
[zwin.io/html/stooon/assets/css/images/ui-bg_inset-hard_100_f5f8f9_1x100.html]
[zwin.io/html/stooon/assets/css/images/ui-bg_glass_95_fef1ec_1x400.html]
[zwin.io/html/stooon/assets/css/images/ui-icons_469bdd_256x240.html]
[zwin.io/html/stooon/assets/css/images/ui-icons_d8e7f3_256x240.html]
[zwin.io/html/stooon/assets/css/images/ui-icons_6da8d5_256x240.html]
[zwin.io/html/stooon/assets/css/images/ui-icons_217bc0_256x240.html]
[zwin.io/html/stooon/assets/css/images/ui-icons_f9bd01_256x240.html]
[zwin.io/html/stooon/assets/css/images/ui-icons_2e83ff_256x240.html]
[zwin.io/html/stooon/assets/css/images/ui-icons_cd0a0a_256x240.html]
[zwin.io/html/stooon/assets/fonts/icomoon0484.eot]
[zwin.io/html/stooon/assets/fonts/icomoon0484.ttf]
[zwin.io/html/stooon/assets/fonts/icomoon0484.woff]
[zwin.io/html/stooon/assets/css/vendor.css]
[zwin.io/html/stooon/assets/fonts/icomoon0484.svg]
[zwin.io/html/stooon/assets/fonts/reey-regular.otf]
[zwin.io/html/stooon/assets/img/others/deal.png]
[zwin.io/html/stooon/assets/img/others/beauty.png]
[zwin.io/html/stooon/assets/img/others/coming.png]
[zwin.io/html/stooon/assets/img/others/error.png]
[zwin.io/html/stooon/assets/img/blog/9.png]
[zwin.io/html/stooon/assets/fonts/Flaticon.html]
[zwin.io/html/stooon/assets/fonts/Flaticond41d.html]
[zwin.io/html/stooon/assets/fonts/Flaticon-2.html]
[zwin.io/html/stooon/assets/fonts/Flaticon-3.html]
[zwin.io/html/stooon/assets/fonts/Flaticon-4.html]
[zwin.io/html/stooon/assets/css/style.css]
[zwin.io/html/stooon/assets/css/responsive.css]
[zwin.io/html/stooon/assets/fonts/Flaticon-5.html]
[zwin.io/html/stooon/assets/img/banner/1.png]
[zwin.io/html/stooon/assets/img/banner/11.png]
[zwin.io/html/stooon/assets/img/collection/1.png]
[zwin.io/html/stooon/assets/img/collection/2.png]
[zwin.io/html/stooon/assets/img/collection/3.png]
[zwin.io/html/stooon/assets/img/arrival/1.png]
[zwin.io/html/stooon/assets/img/arrival/2.png]
[zwin.io/html/stooon/assets/img/arrival/3.png]
[zwin.io/html/stooon/assets/img/arrival/4.png]
[zwin.io/html/stooon/assets/img/arrival/5.png]
[zwin.io/html/stooon/assets/img/arrival/6.png]
[zwin.io/html/stooon/assets/img/others/sales.png]
[zwin.io/html/stooon/assets/img/tranding/1.png]
[zwin.io/html/stooon/assets/img/tranding/2.png]
[zwin.io/html/stooon/assets/img/tranding/3.png]
[zwin.io/html/stooon/assets/img/tranding/4.png]
[zwin.io/html/stooon/assets/img/tranding/5.png]
[zwin.io/html/stooon/assets/img/tranding/6.png]
[zwin.io/html/stooon/assets/img/collection/4.png]
[zwin.io/html/stooon/assets/img/collection/5.png]
[zwin.io/html/stooon/assets/img/blog/1.png]
[zwin.io/html/stooon/assets/img/blog/2.png]
[zwin.io/html/stooon/assets/img/blog/3.png]
[zwin.io/html/stooon/assets/img/brand/brand1.png]
[zwin.io/html/stooon/assets/img/brand/brand2.png]
[zwin.io/html/stooon/assets/img/brand/brand3.png]
[zwin.io/html/stooon/assets/img/brand/brand4.png]
[zwin.io/html/stooon/assets/img/brand/brand5.png]
[zwin.io/html/stooon/assets/img/brand/brand6.png]
[zwin.io/html/stooon/index.html]
[zwin.io/html/stooon/assets/img/banner/2.png]
[zwin.io/html/stooon/assets/img/banner/22.png]
[zwin.io/html/stooon/assets/img/collection/6.png]
[zwin.io/html/stooon/assets/img/collection/7.png]
[zwin.io/html/stooon/assets/img/collection/8.png]
[zwin.io/html/stooon/assets/img/collection/13.png]
[zwin.io/html/stooon/assets/img/collection/14.png]
[zwin.io/html/stooon/assets/img/arrival/13.png]
[zwin.io/html/stooon/assets/img/others/video.png]
[zwin.io/html/stooon/assets/img/fashion/1.png]
[zwin.io/html/stooon/assets/img/others/contact-02.png]
[zwin.io/html/stooon/index-2.html]
[zwin.io/html/stooon/assets/img/banner/3.png]
[zwin.io/html/stooon/assets/img/banner/33.png]
[zwin.io/html/stooon/assets/img/others/sales2.png]
[zwin.io/html/stooon/assets/img/others/video2.png]
[zwin.io/html/stooon/index-3.html]
[zwin.io/html/stooon/assets/img/banner/4.png]
[zwin.io/html/stooon/assets/img/banner/44.png]
[zwin.io/html/stooon/assets/img/collection/9.png]
[zwin.io/html/stooon/assets/img/collection/10.png]
[zwin.io/html/stooon/index-4.html]
[zwin.io/html/stooon/shop.html]
[zwin.io/html/stooon/assets/img/shop/1.png]
[zwin.io/html/stooon/assets/img/shop/2.png]
[zwin.io/html/stooon/assets/img/shop/3.png]
[zwin.io/html/stooon/assets/img/shop/4.png]
[zwin.io/html/stooon/assets/img/shop/5.png]
[zwin.io/html/stooon/assets/img/shop/6.png]
[zwin.io/html/stooon/assets/img/shop/7.png]
[zwin.io/html/stooon/assets/img/shop/8.png]
[zwin.io/html/stooon/assets/img/shop/9.png]
[zwin.io/html/stooon/assets/img/shop/10.png]
[zwin.io/html/stooon/assets/img/shop/11.png]
[zwin.io/html/stooon/assets/img/shop/12.png]
[zwin.io/html/stooon/assets/img/shop/13.png]
[zwin.io/html/stooon/assets/img/shop/14.png]
[zwin.io/html/stooon/assets/img/shop/15.png]
[zwin.io/html/stooon/assets/img/shop/16.png]
[zwin.io/html/stooon/assets/img/shop/17.png]
[zwin.io/html/stooon/assets/img/shop/18.png]
[zwin.io/html/stooon/assets/img/seller/1.png]
[zwin.io/html/stooon/assets/img/seller/2.png]
[zwin.io/html/stooon/assets/img/seller/3.png]
[zwin.io/html/stooon/assets/img/others/add1.png]
[zwin.io/html/stooon/collection.html]
[zwin.io/html/stooon/collection-list.html]
[zwin.io/html/stooon/collection-full.html]
[zwin.io/html/stooon/assets/img/blog/10.png]
[zwin.io/html/stooon/assets/img/blog/11.png]
[zwin.io/html/stooon/assets/img/blog/12.png]
[zwin.io/html/stooon/blog.html]
[zwin.io/html/stooon/assets/img/blog/4.png]
[zwin.io/html/stooon/assets/img/blog/5.png]
[zwin.io/html/stooon/assets/img/blog/6.png]
[zwin.io/html/stooon/assets/img/blog/7.png]
[zwin.io/html/stooon/assets/img/blog/8.png]
[zwin.io/html/stooon/blog-details.html]
[zwin.io/html/stooon/assets/img/product-details/big1.png]
[zwin.io/html/stooon/assets/img/product-details/1.png]
[zwin.io/html/stooon/assets/img/payment/p1.png]
[zwin.io/html/stooon/assets/img/payment/p2.png]
[zwin.io/html/stooon/assets/img/payment/p3.png]
[zwin.io/html/stooon/assets/img/payment/p4.png]
[zwin.io/html/stooon/assets/img/payment/p5.png]
[zwin.io/html/stooon/assets/img/payment/p6.png]
[zwin.io/html/stooon/assets/img/payment/p7.png]
[zwin.io/html/stooon/single-product.html]
[zwin.io/html/stooon/shoping-cart.html]
[zwin.io/html/stooon/faq.html]
[zwin.io/html/stooon/assets/img/others/404.png]
[zwin.io/html/stooon/error.html]
[zwin.io/html/stooon/coming-soon.html]
[zwin.io/html/stooon/assets/img/others/about.png]
[zwin.io/html/stooon/assets/img/team/1.png]
[zwin.io/html/stooon/assets/img/team/2.png]
[zwin.io/html/stooon/assets/img/team/3.png]
[zwin.io/html/stooon/assets/img/team/4.png]
[zwin.io/html/stooon/about.html]
[zwin.io/html/stooon/contact.html]
[zwin.io/html/stooon/popper.js]
[zwin.io/html/stooon/assets/js/vendor.js]
[zwin.io/html/stooon/assets/js/main.js]
[zwin.io/html/stooon/assets/fonts/slick.html]
[zwin.io/wp-content/cache/minify/a5ff7.css]
[zwin.io/wp-content/cache/minify/5714a.css]
[zwin.io/wp-content/cache/minify/cd954.css]
[zwin.io/wp-content/cache/minify/deb52.css]
[zwin.io/wp-content/cache/minify/8e60a.css]
[zwin.io/wp-content/cache/minify/818c0.js]
[zwin.io/wp-content/cache/minify/9b516.js]
[zwin.io/wp-content/cache/minify/dc06c.js]
[zwin.io/wp-content/cache/minify/63a69.js]
[zwin.io/wp-content/uploads/2023/11/cropped-Screenshot-2023-11-07-at-21.56.57-32x32.png]
[zwin.io/wp-content/uploads/2023/11/cropped-Screenshot-2023-11-07-at-21.56.57-192x192.png]
[zwin.io/wp-content/uploads/2023/11/cropped-Screenshot-2023-11-07-at-21.56.57-180x180.png]
[pagead2.googlesyndication.com/pagead/js/f596d.txt]
[www.google.com/recaptcha/api.js]
[zwin.io/wp-content/cache/minify/d5e73.css]
[zwin.io/wp-content/cache/minify/dace4.js]
[zwin.io/wp-content/cache/minify/d315e.js]
[zwin.io/wp-content/cache/minify/d342a.js]
[zwin.io/html/stooon/assets/fonts/slickd41d.html]
[zwin.io/html/stooon/assets/fonts/slick-2.html]
[zwin.io/html/stooon/assets/css/owl.video.play.html]
[zwin.io/html/stooon/assets/fonts/fontawesome-webfont3e6e.svg]
[zwin.io/html/stooon/assets/css/images/ui-bg_inset-hard_100_fcfdfd_1x100.html]
[zwin.io/html/stooon/assets/css/images/ui-bg_gloss-wave_55_5c9ccc_500x100.html]
[zwin.io/html/stooon/assets/css/images/ui-bg_glass_85_dfeffc_1x400.html]
[zwin.io/html/stooon/assets/css/images/ui-bg_glass_75_d0e5f5_1x400.html]
[zwin.io/html/stooon/assets/css/images/ui-bg_inset-hard_100_f5f8f9_1x100.html]
[zwin.io/html/stooon/assets/css/images/ui-bg_glass_95_fef1ec_1x400.html]
[zwin.io/html/stooon/assets/css/images/ui-icons_469bdd_256x240.html]
[zwin.io/html/stooon/assets/css/images/ui-icons_d8e7f3_256x240.html]
[zwin.io/html/stooon/assets/css/images/ui-icons_6da8d5_256x240.html]
[zwin.io/html/stooon/assets/css/images/ui-icons_217bc0_256x240.html]
[zwin.io/html/stooon/assets/css/images/ui-icons_f9bd01_256x240.html]
[zwin.io/html/stooon/assets/css/images/ui-icons_2e83ff_256x240.html]
[zwin.io/html/stooon/assets/css/images/ui-icons_cd0a0a_256x240.html]
[zwin.io/html/stooon/assets/fonts/icomoon0484.svg]
[zwin.io/html/stooon/assets/fonts/Flaticon.html]
[zwin.io/html/stooon/assets/fonts/Flaticond41d.html]
[zwin.io/html/stooon/assets/fonts/Flaticon-2.html]
[zwin.io/html/stooon/assets/fonts/Flaticon-3.html]
[zwin.io/html/stooon/assets/fonts/Flaticon-4.html]
[zwin.io/html/stooon/assets/fonts/Flaticon-5.html]
[zwin.io/html/stooon/shop.html]
[zwin.io/html/stooon/popper.html]
[zwin.io/wp-content/cache/minify/a5ff7.css]
[zwin.io/wp-content/cache/minify/5714a.css]
[zwin.io/wp-content/cache/minify/cd954.css]
[zwin.io/wp-content/cache/minify/deb52.css]
[zwin.io/wp-content/cache/minify/8e60a.css]
[zwin.io/wp-content/cache/minify/818c0.js]
[zwin.io/wp-content/cache/minify/2fd51.js]
[zwin.io/html/stooon/assets/fonts/signin]
[zwin.io/wp-content/cache/minify/9b516.js]
[zwin.io/wp-content/cache/minify/dc06c.js]
[zwin.io/wp-content/cache/minify/63a69.js]
[www.googletagmanager.com/gtm5445.html]
[zwin.io/wp-content/cache/minify/d5e73.css]
[zwin.io/wp-content/cache/minify/dace4.js]
[zwin.io/html/stooon/assets/fonts/t]
[zwin.io/html/stooon/assets/fonts/e]
[zwin.io/html/stooon/assets/fonts/window.location.href]
[zwin.io/html/stooon/assets/fonts/assets/dist/js/signine9d4.js]
[zwin.io/wp-content/cache/minify/d315e.js]
[zwin.io/html/stooon/assets/fonts/gallery]
[zwin.io/wp-content/cache/minify/d342a.js]
[zwin.io/html/stooon/assets/fonts/field-icon]
[zwin.io/wp-content/cache/minify/2fd51.js]
[zwin.io/html/stooon/assets/fonts/signin.html]
[zwin.io/html/stooon/assets/fonts/t.html]
[zwin.io/html/stooon/assets/fonts/e.html]
[zwin.io/html/stooon/assets/fonts/window.location.html]
[zwin.io/html/stooon/assets/fonts/assets/dist/js/signine9d4.html]
[zwin.io/html/stooon/assets/fonts/gallery.html]
[zwin.io/html/stooon/assets/fonts/field-icon.html]
